<?xml version="1.0" encoding="UTF-8"?>
<testsuites name="jest tests" tests="3" failures="0" errors="0" time="3.032">
  <testsuite name="Technical Documents API" errors="0" failures="0" skipped="0" timestamp="2025-06-09T12:29:56" time="2.781" tests="3">
    <testcase classname="Technical Documents API Authentication should reject requests without token" name="Technical Documents API Authentication should reject requests without token" time="0.045">
    </testcase>
    <testcase classname="Technical Documents API Document CRUD should create and manage documents" name="Technical Documents API Document CRUD should create and manage documents" time="0.102">
    </testcase>
    <testcase classname="Technical Documents API File Upload should upload a file" name="Technical Documents API File Upload should upload a file" time="0.034">
    </testcase>
  </testsuite>
</testsuites>